DATABASE_URL: 'postgresql://postgres:123456@localhost:5432/animehako'
Length: 53

Settings DB URL: 'postgresql://postgres:123456@localhost:5432/animehako'
